{
    "Microscopy": {
        "transmission_electron_microscopy": {},
        "scanning_electron_microscopy": {
            "EquipmentUsed": "JEOL field emission scanning electron microscope"
        },
        "atomic_force_microscopy": {},
        "optical_microscopy": {}
    },
    "Spectroscopy": {
        "fourier_transform_infrared_spectroscopy": {},
        "xray_photoelectron_spectroscopy": {},
        "nuclear_magnetic_resonance": {},
        "raman_spectroscopy": {},
        "dielectric_and_impedance_spectroscopy_analysis": {
            "Equipment": "Agilent impedance analyzer with 16451B dielectric test fixture"
        }
    },
    "Thermochemical": {
        "differential_scanning_calorimetry": {
            "Equipment": "Mettler Differential Scanning Calorimetry (DSC) equipment",
            "HeatingRate": {
                "value": "5",
                "unit": "deg C/min"
            }
        },
        "thermogravimetric_analysis": {},
        "dynamic_mechanical_analysis": {}
    },
    "Scattering and diffraction": {
        "xray_diffraction_and_scattering": {}
    },
    "Others": {
        "pulsed_electro_acoustic": {},
        "rheometry": {},
        "electrometry": {}
    }
}