{
    "Microscopy": {
        "transmission_electron_microscopy": {},
        "scanning_electron_microscopy": {
            "EquipmentUsed": "JEOL JSM-6335F",
            "Description": "The resulting composites were then fractured in liquid      nitrogen and examined with a field-emission scanning electron microscope (FESEM, JEOL JSM-6335F)."
        },
        "atomic_force_microscopy": {},
        "optical_microscopy": {}
    },
    "Spectroscopy": {
        "fourier_transform_infrared_spectroscopy": {},
        "xray_photoelectron_spectroscopy": {},
        "nuclear_magnetic_resonance": {},
        "raman_spectroscopy": {},
        "dielectric_and_impedance_spectroscopy_analysis": {}
    },
    "Thermochemical": {
        "differential_scanning_calorimetry": {},
        "thermogravimetric_analysis": {},
        "dynamic_mechanical_analysis": {}
    },
    "Scattering and diffraction": {
        "xray_diffraction_and_scattering": {}
    },
    "Others": {
        "pulsed_electro_acoustic": {},
        "rheometry": {},
        "electrometry": {
            "Description": "The electrical resistivity was measured under an applied electrical field of 10 kV/cm over the thickness of the disc specimens with a guard ring to remove any effect of surface conduction. The nonlinearity of the composite was also measured by changing the applied field strength up to approximately 60 kV/cm."
        }
    }
}