{
    "Microscopy": {
        "transmission_electron_microscopy": {
            "Description": "Equipment not specified."
        },
        "scanning_electron_microscopy": {},
        "atomic_force_microscopy": {},
        "optical_microscopy": {}
    },
    "Spectroscopy": {
        "fourier_transform_infrared_spectroscopy": {},
        "xray_photoelectron_spectroscopy": {},
        "nuclear_magnetic_resonance": {},
        "raman_spectroscopy": {
            "Description": "Equipment not specified."
        },
        "dielectric_and_impedance_spectroscopy_analysis": {
            "Equipment": "HP 4194A impedance analyzer"
        }
    },
    "Thermochemical": {
        "differential_scanning_calorimetry": {},
        "thermogravimetric_analysis": {},
        "dynamic_mechanical_analysis": {}
    },
    "Scattering and diffraction": {
        "xray_diffraction_and_scattering": {
            "Description": "Equipment not specified."
        }
    },
    "Others": {
        "pulsed_electro_acoustic": {},
        "rheometry": {},
        "electrometry": {}
    }
}